// Jest Snapshot v1, https://goo.gl/fbAQLP

exports[`Container location is "/" renders PokemonList 1`] = `
<View
  style={
    Object {
      "backgroundColor": "white",
      "flex": 1,
      "flexDirection": "column",
    }
  }
>
  <View
    style={undefined}
  >
    <View
      style={
        Object {
          "height": 2,
        }
      }
    />
    <RCTScrollView
      ListEmptyComponent={<Empty />}
      data={Array []}
      disableVirtualization={false}
      extraData={
        Object {
          "offset": 0,
        }
      }
      getItem={[Function]}
      getItemCount={[Function]}
      horizontal={false}
      initialNumToRender={10}
      keyExtractor={[Function]}
      maxToRenderPerBatch={10}
      numColumns={1}
      onContentSizeChange={[Function]}
      onEndReached={[Function]}
      onEndReachedThreshold={10}
      onLayout={[Function]}
      onMomentumScrollEnd={[Function]}
      onScroll={[Function]}
      onScrollBeginDrag={[Function]}
      onScrollEndDrag={[Function]}
      onViewableItemsChanged={undefined}
      refreshing={false}
      renderItem={[Function]}
      scrollEventThrottle={50}
      stickyHeaderIndices={Array []}
      style={undefined}
      updateCellsBatchingPeriod={50}
      windowSize={21}
    >
      <View>
        <View
          onLayout={[Function]}
          style={null}
        >
          <View
            style={
              Array [
                Object {
                  "borderColor": "lightgrey",
                  "borderWidth": 0.5,
                  "height": 35,
                  "justifyContent": "center",
                },
                undefined,
              ]
            }
          >
            <Text
              accessible={true}
              allowFontScaling={true}
              disabled={false}
              ellipsizeMode="tail"
              style={
                Object {
                  "fontSize": 18,
                  "textAlign": "center",
                }
              }
            >
              ...loading data
            </Text>
          </View>
        </View>
      </View>
    </RCTScrollView>
  </View>
</View>
`;

exports[`Container location is "/pokemon/:id" renders PokemonDetail 1`] = `
<View
  style={
    Object {
      "backgroundColor": "white",
      "flex": 1,
      "flexDirection": "column",
    }
  }
>
  <View
    style={
      Object {
        "flex": 1,
      }
    }
  />
</View>
`;
