// Jest Snapshot v1, https://goo.gl/fbAQLP

exports[`ErrorView renders correctly 1`] = `
<View
  style={
    Array [
      Object {
        "padding": 20,
      },
      undefined,
    ]
  }
>
  <Text
    accessible={true}
    allowFontScaling={true}
    disabled={false}
    ellipsizeMode="tail"
    style={
      Object {
        "fontSize": 20,
        "textAlign": "center",
      }
    }
  >
    Some text
  </Text>
</View>
`;
